---
http_interactions:
- request:
    method: get
    uri: http://gsd-api.dev/v1/data/government
    body:
      encoding: US-ASCII
      string: ''
    headers:
      Authorization:
      - Basic dGVzdDp0ZXN0
      User-Agent:
      - Faraday v0.12.1
  response:
    status:
      code: 200
      message: 
    headers:
      x-frame-options:
      - SAMEORIGIN
      x-xss-protection:
      - 1; mode=block
      x-content-type-options:
      - nosniff
      content-type:
      - application/json; charset=utf-8
      etag:
      - W/"8707143287988501f058572a4a858fbd"
      cache-control:
      - max-age=0, private, must-revalidate
      x-request-id:
      - 013776ec-7f08-4cbf-a03f-107da144cf6a
      x-runtime:
      - '0.005995'
      date:
      - Mon, 17 Jul 2017 14:30:38 GMT
      connection:
      - close
    body:
      encoding: UTF-8
      string: '{"type":"government","departments_count":7,"delivery_organisations_count":8,"services_count":31}'
    http_version: 
  recorded_at: Mon, 17 Jul 2017 14:30:38 GMT
- request:
    method: get
    uri: http://gsd-api.dev/v1/data/government/metrics?group_by=department
    body:
      encoding: US-ASCII
      string: ''
    headers:
      Authorization:
      - Basic dGVzdDp0ZXN0
      User-Agent:
      - Faraday v0.12.1
  response:
    status:
      code: 200
      message: 
    headers:
      x-frame-options:
      - SAMEORIGIN
      x-xss-protection:
      - 1; mode=block
      x-content-type-options:
      - nosniff
      content-type:
      - application/json; charset=utf-8
      etag:
      - W/"b3b09e41320b0b934a8e67fbcf2eba84"
      cache-control:
      - max-age=0, private, must-revalidate
      x-request-id:
      - 8cffa5e4-58a3-4812-8d31-78c095035cb3
      x-runtime:
      - '0.063109'
      date:
      - Mon, 17 Jul 2017 14:30:38 GMT
      connection:
      - close
    body:
      encoding: UTF-8
      string: '{"group_by":"department","metric_groups":[{"entity":{"type":"department","natural_key":"D0001","name":"Department
        for Environment Food \u0026 Rural Affairs","hostname":"department-for-environment-food-and-rural-affairs","delivery_organisations_count":1,"services_count":1},"metrics":[{"type":"calls-received","total":0,"get_information":0,"chase_progress":0,"challenge_a_decision":0,"other":0,"sampled":false,"sampled_total":0},{"type":"transactions-received","total":3000039,"online":1000032,"phone":1000003,"paper":1000004,"face_to_face":0,"other":0},{"type":"transactions-with-outcome","total":2435098,"with_intended_outcome":2400000}]},{"entity":{"type":"department","natural_key":"D0002","name":"Department
        for Transport","hostname":"department-for-transport","delivery_organisations_count":2,"services_count":9},"metrics":[{"type":"calls-received","total":0,"get_information":0,"chase_progress":0,"challenge_a_decision":0,"other":0,"sampled":false,"sampled_total":0},{"type":"transactions-received","total":118679511,"online":70711048,"phone":10123774,"paper":17857035,"face_to_face":0,"other":19987654},{"type":"transactions-with-outcome","total":114587788,"with_intended_outcome":92321116}]},{"entity":{"type":"department","natural_key":"D0003","name":"Department
        of Health","hostname":"department-of-health","delivery_organisations_count":2,"services_count":4},"metrics":[{"type":"calls-received","total":0,"get_information":0,"chase_progress":0,"challenge_a_decision":0,"other":0,"sampled":false,"sampled_total":0},{"type":"transactions-received","total":18132669,"online":4000048,"phone":14132621,"paper":0,"face_to_face":0,"other":0},{"type":"transactions-with-outcome","total":19281820,"with_intended_outcome":15424926}]},{"entity":{"type":"department","natural_key":"D0004","name":"HM
        Revenue \u0026 Customs","hostname":"hm-revenue-and-customs","delivery_organisations_count":0,"services_count":5},"metrics":[{"type":"calls-received","total":0,"get_information":0,"chase_progress":0,"challenge_a_decision":0,"other":0,"sampled":false,"sampled_total":0},{"type":"transactions-received","total":0,"online":0,"phone":0,"paper":0,"face_to_face":0,"other":0},{"type":"transactions-with-outcome","total":0,"with_intended_outcome":0}]},{"entity":{"type":"department","natural_key":"D0005","name":"Ministry
        of Justice","hostname":"ministry-of-justice","delivery_organisations_count":1,"services_count":5},"metrics":[{"type":"calls-received","total":0,"get_information":0,"chase_progress":0,"challenge_a_decision":0,"other":0,"sampled":false,"sampled_total":0},{"type":"transactions-received","total":593254687,"online":566114271,"phone":9098765,"paper":14918195,"face_to_face":0,"other":3123456},{"type":"transactions-with-outcome","total":562002435,"with_intended_outcome":485131983}]},{"entity":{"type":"department","natural_key":"D0006","name":"Department
        for Education","hostname":"department-for-education","delivery_organisations_count":2,"services_count":7},"metrics":[{"type":"calls-received","total":0,"get_information":0,"chase_progress":0,"challenge_a_decision":0,"other":0,"sampled":false,"sampled_total":0},{"type":"transactions-received","total":13000475,"online":7000282,"phone":4000106,"paper":2000087,"face_to_face":0,"other":0},{"type":"transactions-with-outcome","total":12120242,"with_intended_outcome":9536719}]},{"entity":{"type":"department","natural_key":"D0007","name":"Department
        for Business, Energy \u0026 Industrial Strategy","hostname":"department-for-business-energy-and-industrial-strategy","delivery_organisations_count":0,"services_count":0},"metrics":[{"type":"calls-received","total":0,"get_information":0,"chase_progress":0,"challenge_a_decision":0,"other":0,"sampled":false,"sampled_total":0},{"type":"transactions-received","total":0,"online":0,"phone":0,"paper":0,"face_to_face":0,"other":0},{"type":"transactions-with-outcome","total":0,"with_intended_outcome":0}]}]}'
    http_version: 
  recorded_at: Mon, 17 Jul 2017 14:30:38 GMT
- request:
    method: get
    uri: http://gsd-api.dev/v1/data/government
    body:
      encoding: US-ASCII
      string: ''
    headers:
      Authorization:
      - Basic dGVzdDp0ZXN0
      User-Agent:
      - Faraday v0.12.1
  response:
    status:
      code: 200
      message: 
    headers:
      x-frame-options:
      - SAMEORIGIN
      x-xss-protection:
      - 1; mode=block
      x-content-type-options:
      - nosniff
      content-type:
      - application/json; charset=utf-8
      etag:
      - W/"8707143287988501f058572a4a858fbd"
      cache-control:
      - max-age=0, private, must-revalidate
      x-request-id:
      - c43fe93d-498a-4649-9660-9d5f9b0521a0
      x-runtime:
      - '0.003168'
      date:
      - Mon, 17 Jul 2017 14:30:44 GMT
      connection:
      - close
    body:
      encoding: UTF-8
      string: '{"type":"government","departments_count":7,"delivery_organisations_count":8,"services_count":31}'
    http_version: 
  recorded_at: Mon, 17 Jul 2017 14:30:44 GMT
- request:
    method: get
    uri: http://gsd-api.dev/v1/data/government/metrics?group_by=department
    body:
      encoding: US-ASCII
      string: ''
    headers:
      Authorization:
      - Basic dGVzdDp0ZXN0
      User-Agent:
      - Faraday v0.12.1
  response:
    status:
      code: 200
      message: 
    headers:
      x-frame-options:
      - SAMEORIGIN
      x-xss-protection:
      - 1; mode=block
      x-content-type-options:
      - nosniff
      content-type:
      - application/json; charset=utf-8
      etag:
      - W/"b3b09e41320b0b934a8e67fbcf2eba84"
      cache-control:
      - max-age=0, private, must-revalidate
      x-request-id:
      - 4672404c-ed53-427b-b2a4-f0a94985833b
      x-runtime:
      - '0.049805'
      date:
      - Mon, 17 Jul 2017 14:30:44 GMT
      connection:
      - close
    body:
      encoding: UTF-8
      string: '{"group_by":"department","metric_groups":[{"entity":{"type":"department","natural_key":"D0001","name":"Department
        for Environment Food \u0026 Rural Affairs","hostname":"department-for-environment-food-and-rural-affairs","delivery_organisations_count":1,"services_count":1},"metrics":[{"type":"calls-received","total":0,"get_information":0,"chase_progress":0,"challenge_a_decision":0,"other":0,"sampled":false,"sampled_total":0},{"type":"transactions-received","total":3000039,"online":1000032,"phone":1000003,"paper":1000004,"face_to_face":0,"other":0},{"type":"transactions-with-outcome","total":2435098,"with_intended_outcome":2400000}]},{"entity":{"type":"department","natural_key":"D0002","name":"Department
        for Transport","hostname":"department-for-transport","delivery_organisations_count":2,"services_count":9},"metrics":[{"type":"calls-received","total":0,"get_information":0,"chase_progress":0,"challenge_a_decision":0,"other":0,"sampled":false,"sampled_total":0},{"type":"transactions-received","total":118679511,"online":70711048,"phone":10123774,"paper":17857035,"face_to_face":0,"other":19987654},{"type":"transactions-with-outcome","total":114587788,"with_intended_outcome":92321116}]},{"entity":{"type":"department","natural_key":"D0003","name":"Department
        of Health","hostname":"department-of-health","delivery_organisations_count":2,"services_count":4},"metrics":[{"type":"calls-received","total":0,"get_information":0,"chase_progress":0,"challenge_a_decision":0,"other":0,"sampled":false,"sampled_total":0},{"type":"transactions-received","total":18132669,"online":4000048,"phone":14132621,"paper":0,"face_to_face":0,"other":0},{"type":"transactions-with-outcome","total":19281820,"with_intended_outcome":15424926}]},{"entity":{"type":"department","natural_key":"D0004","name":"HM
        Revenue \u0026 Customs","hostname":"hm-revenue-and-customs","delivery_organisations_count":0,"services_count":5},"metrics":[{"type":"calls-received","total":0,"get_information":0,"chase_progress":0,"challenge_a_decision":0,"other":0,"sampled":false,"sampled_total":0},{"type":"transactions-received","total":0,"online":0,"phone":0,"paper":0,"face_to_face":0,"other":0},{"type":"transactions-with-outcome","total":0,"with_intended_outcome":0}]},{"entity":{"type":"department","natural_key":"D0005","name":"Ministry
        of Justice","hostname":"ministry-of-justice","delivery_organisations_count":1,"services_count":5},"metrics":[{"type":"calls-received","total":0,"get_information":0,"chase_progress":0,"challenge_a_decision":0,"other":0,"sampled":false,"sampled_total":0},{"type":"transactions-received","total":593254687,"online":566114271,"phone":9098765,"paper":14918195,"face_to_face":0,"other":3123456},{"type":"transactions-with-outcome","total":562002435,"with_intended_outcome":485131983}]},{"entity":{"type":"department","natural_key":"D0006","name":"Department
        for Education","hostname":"department-for-education","delivery_organisations_count":2,"services_count":7},"metrics":[{"type":"calls-received","total":0,"get_information":0,"chase_progress":0,"challenge_a_decision":0,"other":0,"sampled":false,"sampled_total":0},{"type":"transactions-received","total":13000475,"online":7000282,"phone":4000106,"paper":2000087,"face_to_face":0,"other":0},{"type":"transactions-with-outcome","total":12120242,"with_intended_outcome":9536719}]},{"entity":{"type":"department","natural_key":"D0007","name":"Department
        for Business, Energy \u0026 Industrial Strategy","hostname":"department-for-business-energy-and-industrial-strategy","delivery_organisations_count":0,"services_count":0},"metrics":[{"type":"calls-received","total":0,"get_information":0,"chase_progress":0,"challenge_a_decision":0,"other":0,"sampled":false,"sampled_total":0},{"type":"transactions-received","total":0,"online":0,"phone":0,"paper":0,"face_to_face":0,"other":0},{"type":"transactions-with-outcome","total":0,"with_intended_outcome":0}]}]}'
    http_version: 
  recorded_at: Mon, 17 Jul 2017 14:30:44 GMT
recorded_with: VCR 3.0.3
